--- proof-provenance ---
head: ea0500aa09b1df5d602ffc44fb616ee4b5afeecc
worktree_dirty: false
command: node e2e/calm-budget.mjs
exit: 0
timestamp: 2026-08-01T07:04:00.000Z
--- end-proof-provenance ---

helpers: required e2e/helpers.mjs
[owned-stack] building D:\dev\projects\storylint-calm-crash @ ea0500a
[owned-stack] api :49996 ui :49997
[run-start] head=ea0500a ui=http://127.0.0.1:49997/ served=shell.css#54884172c616 status=200 bytes=24130 b5TouchRule=true
[owned=true] api=http://127.0.0.1:49996 ui=http://127.0.0.1:49997/ head=ea0500aa09b1df5d602ffc44fb616ee4b5afeecc
[visibility-self-test] ok (closed details hidden; summary + open content visible)
[b6-primary-visibility-self-test] ok (closed details solid excluded; open included)
[PASS] B1-work-hard (HARD) workPct=61.1 · rails binder=open/default agent=open/default atDesk=true · want ≥40 · Draft@1440
[PASS] B1-work-warn (WARN) workPct=61.1 · rails binder=open/default agent=open/default atDesk=true · want ≥45 preferred (WARN if <45) · Draft@1440
[PASS] B1-rail-warn (WARN) binder=19.4 agent=19.4 chrome=38.9 · rails binder=open/default agent=open/default atDesk=true · want rails≤24, chrome≤55 · Draft@1440
[PASS] B1-rail-pathological (HARD) binderW=280 agentW=280 workW=880 · rails binder=open/default agent=open/default atDesk=true · want each rail ≤ work · Draft@1440
[PASS] B1-fold (HARD) foldOwner=work (manuscript) · rails binder=open/default agent=open/default atDesk=true · want work · Draft@1440
[PASS] B2-job-primary@1440 (HARD) topJobPrimaryCount=0 · want =0 · topbar@1440
[PASS] B2-ecosystem@1440 (HARD) ecosystemVisible=3 [Draft,Lab,Canon] · want =3 · topbar@1440
[PASS] B3-writing-count@1440 (HARD) productFaces=5 [Chat · Write · Check · Inbox · Research] more=false context=writing · want ≤5 · companion writing@1440
[PASS] B3-default-face@1440 (HARD) face=chat context=writing · want chat · companion@1440
[PASS] B3-chat-proposals-wall@1440 (HARD) chatProposalsWall=false · want false · companion chat@1440
[PASS] B3-footer-primary-chat@1440 (HARD) footerPrimary=1 · want ≤1 · companion chat@1440
[PASS] B3-footer-total-chat@1440 (WARN) footerTotal=1 · want ≤3 · companion chat@1440
[PASS] B3-rest@1440 (HARD) checkRestHasStatus=true · want true · companion Check@1440
[PASS] B3-footer-primary-check@1440 (HARD) footerPrimary=1 · want ≤1 · companion Check@1440
[PASS] B3-lab-count@1440 (HARD) productFaces=3 [Chat · Spark · Inbox] context=lab · want ≤3 · companion lab@1440
[PASS] B3-graph-count@1440 (HARD) productFaces=3 [Chat · Inspect · Inbox] context=graph · want ≤3 · companion graph@1440
[PASS] B4-lab-empty-filter@1440 (HARD) cards=0 filterWhenEmpty=false · want false · Lab@1440
[PASS] B4-lab-kind-strips@1440 (HARD) kindFullStrips=0 · want ≤1 · Lab@1440
[PASS] B4-craft-desktop (HARD) chipVisibleCount=5 [char-dev,plot-progress,world-build,relationship,setup] foundStrip=true · want ≤5 · Draft craft@1440
[PASS] B4-canon-propose@1440 (WARN) proposeExpanded=false · want collapsed · Canon@1440
[PASS] B4-canon-view@1440 (WARN) viewW=2 filterW=2 · want view ≥ filter · Canon@1440
[PASS] B5-overflow@1440 (HARD) overflowX=false · want false · shell@1440
[PASS] B5-focus (HARD) focus=true binder=false work=true · want focus + work, no binder · Focus mode
[PASS] B6-top-job (HARD) topJobPrimaryCount=0 · want =0 · topbar
[PASS] B2-job-primary@390 (HARD) topJobPrimaryCount=0 · want =0 · topbar@390
[PASS] B2-ecosystem@390 (HARD) ecosystemVisible=3 [Draft,Lab,Canon] · want =3 · topbar@390
[PASS] B2-truncation (HARD) placeLabelClipped=0 · want =0 · topbar@390
[PASS] B2-top-count-warn (WARN) topControlCount=7 · want ≤8 · topbar@390
[PASS] B3-writing-count@390 (HARD) productFaces=5 [Chat · Write · Check · Inbox · Research] more=false context=writing · want ≤5 · companion writing@390
[PASS] B3-default-face@390 (HARD) face=chat context=writing · want chat · companion@390
[PASS] B3-chat-proposals-wall@390 (HARD) chatProposalsWall=false · want false · companion chat@390
[PASS] B3-wrap (HARD) faceRows=1 labels=[Chat · Write · Check · Inbox · Research] · want =1 · companion@390
[PASS] B3-overflow-shape (HARD) rows=1 hasMore=false · want one row; More ok · companion@390
[PASS] B3-footer-primary-chat@390 (HARD) footerPrimary=1 · want ≤1 · companion chat@390
[PASS] B3-footer-total-chat@390 (WARN) footerTotal=1 · want ≤3 · companion chat@390
[PASS] B3-rest@390 (HARD) checkRestHasStatus=true · want true · companion Check@390
[PASS] B3-footer-primary-check@390 (HARD) footerPrimary=1 · want ≤1 · companion Check@390
[PASS] B3-lab-count@390 (HARD) productFaces=3 [Chat · Spark · Inbox] context=lab · want ≤3 · companion lab@390
[PASS] B3-graph-count@390 (HARD) productFaces=3 [Chat · Inspect · Inbox] context=graph · want ≤3 · companion graph@390
[PASS] B4-lab-empty-filter@390 (HARD) cards=0 filterWhenEmpty=false · want false · Lab@390
[PASS] B4-lab-kind-strips@390 (HARD) kindFullStrips=0 · want ≤1 · Lab@390
[PASS] B4-craft-phone (HARD) collapsed=true chips=0 detailsOpen=false · want true (disclosure collapsed; absence ≠ pass) · Draft craft@390
[PASS] B4-canon-propose@390 (WARN) proposeExpanded=false · want collapsed · Canon@390
[PASS] B4-canon-view@390 (WARN) viewW=2 filterW=2 · want view ≥ filter · Canon@390
[PASS] B5-touch-chrome (HARD) touchFailChrome=0 · want =0 fails · chrome@390
[PASS] B5-touch-fail (HARD) touchFailChrome=0 · want =0 · chrome@390
[PASS] B5-overflow@390 (HARD) overflowX=false · want false · shell@390
[PASS] B6-primary-per-job@draft-empty (HARD) maxPerJob=1 solids=1 · rails binder=open/default agent=open/default atDesk=true · want ≤1 solid primary per job · Draft empty@1440 dual-rail
[PASS] B6-primary-per-job@canon-empty (HARD) maxPerJob=1 solids=2 graphEmpty=canon sendSolid=false · rails binder=open/default agent=open/default atDesk=true · want ≤1/job; no Send primary while sheets<2 · Canon true-empty@1440 dual-rail
[PASS] B3-inbox-wall@volume (HARD) inboxWall=false cardVisible=4 pending=30 scrollH=852 clientH=852 internalScroll=false badge=Inbox30 · want inboxWall=false at volume 30; cardVisible>0 when pending>=8 · companion Inbox@1440 volume=30
[run-end] head=ea0500a ui=http://127.0.0.1:49997/ served=shell.css#54884172c616 status=200 bytes=24130 b5TouchRule=true

Wrote e2e/output/calm-budget-last.md (untracked run artifact)
HARD fails: 0 · NOT-MEASURED: 0 · checks: 50
FINGERPRINT eddd76a4
